Archive member included because of file (symbol)

E:\my projects\smart college\drivers\Debug\libdrivers.a(pir.o)
                              drivers-tests.o (initPir)
E:\my projects\smart college\drivers\Debug\libdrivers.a(rfid.o)
                              drivers-tests.o (initRfid)
E:\my projects\smart college\drivers\Debug\libdrivers.a(spi.o)
                              E:\my projects\smart college\drivers\Debug\libdrivers.a(rfid.o) (initSpiMaster)
E:\my projects\smart college\drivers\Debug\libdrivers.a(usart0.o)
                              drivers-tests.o (initUsart0)
E:\my projects\smart college\drivers\Debug\libdrivers.a(wifi.o)
                              drivers-tests.o (wifiBuffer)
E:\my projects\smart college\drivers\Debug\libdrivers.a(softuart.o)
                              E:\my projects\smart college\drivers\Debug\libdrivers.a(wifi.o) (softuart_puts)
e:/winavr-20100110/bin/../lib/gcc/avr/4.3.3/../../../../avr/lib/avr5\libm.a(cmpsf2.o)
                              E:\my projects\smart college\drivers\Debug\libdrivers.a(rfid.o) (__ltsf2)
e:/winavr-20100110/bin/../lib/gcc/avr/4.3.3/../../../../avr/lib/avr5\libm.a(fixunssfsi.o)
                              E:\my projects\smart college\drivers\Debug\libdrivers.a(rfid.o) (__fixunssfsi)
e:/winavr-20100110/bin/../lib/gcc/avr/4.3.3/../../../../avr/lib/avr5\libm.a(fp_cmp.o)
                              e:/winavr-20100110/bin/../lib/gcc/avr/4.3.3/../../../../avr/lib/avr5\libm.a(cmpsf2.o) (__fp_cmp)
e:/winavr-20100110/bin/../lib/gcc/avr/4.3.3/../../../../avr/lib/avr5\libm.a(fp_split3.o)
                              e:/winavr-20100110/bin/../lib/gcc/avr/4.3.3/../../../../avr/lib/avr5\libm.a(fixunssfsi.o) (__fp_splitA)
e:/winavr-20100110/bin/../lib/gcc/avr/4.3.3/../../../../avr/lib/avr5\libm.a(fp_zero.o)
                              e:/winavr-20100110/bin/../lib/gcc/avr/4.3.3/../../../../avr/lib/avr5\libm.a(fixunssfsi.o) (__fp_zero)
e:/winavr-20100110/bin/../lib/gcc/avr/4.3.3/../../../../avr/lib/avr5\libm.a(gesf2.o)
                              E:\my projects\smart college\drivers\Debug\libdrivers.a(rfid.o) (__gtsf2)
e:/winavr-20100110/bin/../lib/gcc/avr/4.3.3/../../../../avr/lib/avr5\libm.a(mulsf3.o)
                              E:\my projects\smart college\drivers\Debug\libdrivers.a(rfid.o) (__mulsf3)
e:/winavr-20100110/bin/../lib/gcc/avr/4.3.3/../../../../avr/lib/avr5\libm.a(mulsf3x.o)
                              e:/winavr-20100110/bin/../lib/gcc/avr/4.3.3/../../../../avr/lib/avr5\libm.a(mulsf3.o) (__mulsf3x)
e:/winavr-20100110/bin/../lib/gcc/avr/4.3.3/../../../../avr/lib/avr5\libm.a(fp_inf.o)
                              e:/winavr-20100110/bin/../lib/gcc/avr/4.3.3/../../../../avr/lib/avr5\libm.a(mulsf3x.o) (__fp_inf)
e:/winavr-20100110/bin/../lib/gcc/avr/4.3.3/../../../../avr/lib/avr5\libm.a(fp_nan.o)
                              e:/winavr-20100110/bin/../lib/gcc/avr/4.3.3/../../../../avr/lib/avr5\libm.a(mulsf3x.o) (__fp_nan)
e:/winavr-20100110/bin/../lib/gcc/avr/4.3.3/../../../../avr/lib/avr5\libm.a(fp_pscA.o)
                              e:/winavr-20100110/bin/../lib/gcc/avr/4.3.3/../../../../avr/lib/avr5\libm.a(mulsf3x.o) (__fp_pscA)
e:/winavr-20100110/bin/../lib/gcc/avr/4.3.3/../../../../avr/lib/avr5\libm.a(fp_pscB.o)
                              e:/winavr-20100110/bin/../lib/gcc/avr/4.3.3/../../../../avr/lib/avr5\libm.a(mulsf3x.o) (__fp_pscB)
e:/winavr-20100110/bin/../lib/gcc/avr/4.3.3/../../../../avr/lib/avr5\libm.a(fp_round.o)
                              e:/winavr-20100110/bin/../lib/gcc/avr/4.3.3/../../../../avr/lib/avr5\libm.a(mulsf3.o) (__fp_round)
e:/winavr-20100110/bin/../lib/gcc/avr/4.3.3/avr5\libgcc.a(_udivmodsi4.o)
                              E:\my projects\smart college\drivers\Debug\libdrivers.a(usart0.o) (__udivmodsi4)
e:/winavr-20100110/bin/../lib/gcc/avr/4.3.3/avr5\libgcc.a(_exit.o)
                              e:/winavr-20100110/bin/../lib/gcc/avr/4.3.3/../../../../avr/lib/avr5/crtm328p.o (exit)
e:/winavr-20100110/bin/../lib/gcc/avr/4.3.3/avr5\libgcc.a(_copy_data.o)
                              drivers-tests.o (__do_copy_data)
e:/winavr-20100110/bin/../lib/gcc/avr/4.3.3/avr5\libgcc.a(_clear_bss.o)
                              drivers-tests.o (__do_clear_bss)
e:/winavr-20100110/bin/../lib/gcc/avr/4.3.3/../../../../avr/lib/avr5\libc.a(memcpy.o)
                              E:\my projects\smart college\drivers\Debug\libdrivers.a(wifi.o) (memcpy)
e:/winavr-20100110/bin/../lib/gcc/avr/4.3.3/../../../../avr/lib/avr5\libc.a(memset.o)
                              E:\my projects\smart college\drivers\Debug\libdrivers.a(wifi.o) (memset)
e:/winavr-20100110/bin/../lib/gcc/avr/4.3.3/../../../../avr/lib/avr5\libc.a(strcmp.o)
                              drivers-tests.o (strcmp)
e:/winavr-20100110/bin/../lib/gcc/avr/4.3.3/../../../../avr/lib/avr5\libc.a(strlen.o)
                              E:\my projects\smart college\drivers\Debug\libdrivers.a(wifi.o) (strlen)
e:/winavr-20100110/bin/../lib/gcc/avr/4.3.3/../../../../avr/lib/avr5\libc.a(strstr.o)
                              E:\my projects\smart college\drivers\Debug\libdrivers.a(wifi.o) (strstr)
e:/winavr-20100110/bin/../lib/gcc/avr/4.3.3/../../../../avr/lib/avr5\libc.a(sprintf.o)
                              drivers-tests.o (sprintf)
e:/winavr-20100110/bin/../lib/gcc/avr/4.3.3/../../../../avr/lib/avr5\libc.a(vfprintf_std.o)
                              e:/winavr-20100110/bin/../lib/gcc/avr/4.3.3/../../../../avr/lib/avr5\libc.a(sprintf.o) (vfprintf)
e:/winavr-20100110/bin/../lib/gcc/avr/4.3.3/../../../../avr/lib/avr5\libc.a(strnlen_P.o)
                              e:/winavr-20100110/bin/../lib/gcc/avr/4.3.3/../../../../avr/lib/avr5\libc.a(vfprintf_std.o) (strnlen_P)
e:/winavr-20100110/bin/../lib/gcc/avr/4.3.3/../../../../avr/lib/avr5\libc.a(strnlen.o)
                              e:/winavr-20100110/bin/../lib/gcc/avr/4.3.3/../../../../avr/lib/avr5\libc.a(vfprintf_std.o) (strnlen)
e:/winavr-20100110/bin/../lib/gcc/avr/4.3.3/../../../../avr/lib/avr5\libc.a(fputc.o)
                              e:/winavr-20100110/bin/../lib/gcc/avr/4.3.3/../../../../avr/lib/avr5\libc.a(vfprintf_std.o) (fputc)
e:/winavr-20100110/bin/../lib/gcc/avr/4.3.3/../../../../avr/lib/avr5\libc.a(ultoa_invert.o)
                              e:/winavr-20100110/bin/../lib/gcc/avr/4.3.3/../../../../avr/lib/avr5\libc.a(vfprintf_std.o) (__ultoa_invert)
e:/winavr-20100110/bin/../lib/gcc/avr/4.3.3/avr5\libgcc.a(_prologue.o)
                              e:/winavr-20100110/bin/../lib/gcc/avr/4.3.3/../../../../avr/lib/avr5\libc.a(sprintf.o) (__prologue_saves__)
e:/winavr-20100110/bin/../lib/gcc/avr/4.3.3/avr5\libgcc.a(_epilogue.o)
                              e:/winavr-20100110/bin/../lib/gcc/avr/4.3.3/../../../../avr/lib/avr5\libc.a(sprintf.o) (__epilogue_restores__)

Allocating common symbols
Common symbol       size              file

tmp                 0x64              drivers-tests.o
tmp2                0x64              drivers-tests.o
wifiBuffer          0x64              E:\my projects\smart college\drivers\Debug\libdrivers.a(wifi.o)
wifiErrorStr        0x14              E:\my projects\smart college\drivers\Debug\libdrivers.a(wifi.o)
tmpSerial           0xc               drivers-tests.o

Discarded input sections

 .data          0x00000000        0x0 e:/winavr-20100110/bin/../lib/gcc/avr/4.3.3/../../../../avr/lib/avr5/crtm328p.o
 .bss           0x00000000        0x0 e:/winavr-20100110/bin/../lib/gcc/avr/4.3.3/../../../../avr/lib/avr5/crtm328p.o
 .text          0x00000000        0x0 drivers-tests.o
 .bss           0x00000000        0x0 drivers-tests.o
 .bss.counter   0x00000000        0x0 drivers-tests.o
 .data.left     0x00000000        0x0 drivers-tests.o
 .data.right    0x00000000        0x0 drivers-tests.o
 .text          0x00000000        0x0 E:\my projects\smart college\drivers\Debug\libdrivers.a(pir.o)
 .bss           0x00000000        0x0 E:\my projects\smart college\drivers\Debug\libdrivers.a(pir.o)
 .text          0x00000000        0x0 E:\my projects\smart college\drivers\Debug\libdrivers.a(rfid.o)
 .bss           0x00000000        0x0 E:\my projects\smart college\drivers\Debug\libdrivers.a(rfid.o)
 .bss._rfidError
                0x00000000        0x0 E:\my projects\smart college\drivers\Debug\libdrivers.a(rfid.o)
 .rodata.C.4.1427
                0x00000000        0x0 E:\my projects\smart college\drivers\Debug\libdrivers.a(rfid.o)
 .rodata.C.3.1426
                0x00000000        0x0 E:\my projects\smart college\drivers\Debug\libdrivers.a(rfid.o)
 .text.runSelfTest
                0x00000000        0x0 E:\my projects\smart college\drivers\Debug\libdrivers.a(rfid.o)
 .text          0x00000000        0x0 E:\my projects\smart college\drivers\Debug\libdrivers.a(spi.o)
 .data          0x00000000        0x0 E:\my projects\smart college\drivers\Debug\libdrivers.a(spi.o)
 .bss           0x00000000        0x0 E:\my projects\smart college\drivers\Debug\libdrivers.a(spi.o)
 .text.initSpiSlave
                0x00000000        0x0 E:\my projects\smart college\drivers\Debug\libdrivers.a(spi.o)
 .text          0x00000000        0x0 E:\my projects\smart college\drivers\Debug\libdrivers.a(usart0.o)
 .data          0x00000000        0x0 E:\my projects\smart college\drivers\Debug\libdrivers.a(usart0.o)
 .bss           0x00000000        0x0 E:\my projects\smart college\drivers\Debug\libdrivers.a(usart0.o)
 .text.getcUsart0
                0x00000000        0x0 E:\my projects\smart college\drivers\Debug\libdrivers.a(usart0.o)
 .text          0x00000000        0x0 E:\my projects\smart college\drivers\Debug\libdrivers.a(wifi.o)
 .data          0x00000000        0x0 E:\my projects\smart college\drivers\Debug\libdrivers.a(wifi.o)
 .bss           0x00000000        0x0 E:\my projects\smart college\drivers\Debug\libdrivers.a(wifi.o)
 .data.wifi_response_OK
                0x00000000        0x0 E:\my projects\smart college\drivers\Debug\libdrivers.a(wifi.o)
 .data.data_updated_res
                0x00000000        0x0 E:\my projects\smart college\drivers\Debug\libdrivers.a(wifi.o)
 .data.wifi_response_noAP
                0x00000000        0x0 E:\my projects\smart college\drivers\Debug\libdrivers.a(wifi.o)
 .data.wifi_response_ALRY_CONN
                0x00000000        0x0 E:\my projects\smart college\drivers\Debug\libdrivers.a(wifi.o)
 .data.wifi_response_CONN
                0x00000000        0x0 E:\my projects\smart college\drivers\Debug\libdrivers.a(wifi.o)
 .data.wifi_ping_timeout
                0x00000000        0x0 E:\my projects\smart college\drivers\Debug\libdrivers.a(wifi.o)
 .bss._wifiError
                0x00000000        0x0 E:\my projects\smart college\drivers\Debug\libdrivers.a(wifi.o)
 .text.initWifi
                0x00000000        0x0 E:\my projects\smart college\drivers\Debug\libdrivers.a(wifi.o)
 .text.checkHW  0x00000000        0x0 E:\my projects\smart college\drivers\Debug\libdrivers.a(wifi.o)
 .text.flushBuffer
                0x00000000        0x0 E:\my projects\smart college\drivers\Debug\libdrivers.a(wifi.o)
 .text.disableEcho
                0x00000000        0x0 E:\my projects\smart college\drivers\Debug\libdrivers.a(wifi.o)
 .text.setClientMode
                0x00000000        0x0 E:\my projects\smart college\drivers\Debug\libdrivers.a(wifi.o)
 .text.connectToNetwork
                0x00000000        0x0 E:\my projects\smart college\drivers\Debug\libdrivers.a(wifi.o)
 .text.getLastError
                0x00000000        0x0 E:\my projects\smart college\drivers\Debug\libdrivers.a(wifi.o)
 .text.connectHost
                0x00000000        0x0 E:\my projects\smart college\drivers\Debug\libdrivers.a(wifi.o)
 .text.initDataSend
                0x00000000        0x0 E:\my projects\smart college\drivers\Debug\libdrivers.a(wifi.o)
 .text.updateData
                0x00000000        0x0 E:\my projects\smart college\drivers\Debug\libdrivers.a(wifi.o)
 .text.checkInternet
                0x00000000        0x0 E:\my projects\smart college\drivers\Debug\libdrivers.a(wifi.o)
 .text          0x00000000        0x0 E:\my projects\smart college\drivers\Debug\libdrivers.a(softuart.o)
 .data          0x00000000        0x0 E:\my projects\smart college\drivers\Debug\libdrivers.a(softuart.o)
 .bss           0x00000000        0x0 E:\my projects\smart college\drivers\Debug\libdrivers.a(softuart.o)
 .text.io_init  0x00000000        0x0 E:\my projects\smart college\drivers\Debug\libdrivers.a(softuart.o)
 .text.timer_init
                0x00000000        0x0 E:\my projects\smart college\drivers\Debug\libdrivers.a(softuart.o)
 .text.softuart_init
                0x00000000        0x0 E:\my projects\smart college\drivers\Debug\libdrivers.a(softuart.o)
 .text.idle     0x00000000        0x0 E:\my projects\smart college\drivers\Debug\libdrivers.a(softuart.o)
 .text.softuart_turn_rx_on
                0x00000000        0x0 E:\my projects\smart college\drivers\Debug\libdrivers.a(softuart.o)
 .text.softuart_turn_rx_off
                0x00000000        0x0 E:\my projects\smart college\drivers\Debug\libdrivers.a(softuart.o)
 .text.softuart_getchar
                0x00000000        0x0 E:\my projects\smart college\drivers\Debug\libdrivers.a(softuart.o)
 .text.softuart_kbhit
                0x00000000        0x0 E:\my projects\smart college\drivers\Debug\libdrivers.a(softuart.o)
 .text.softuart_flush_input_buffer
                0x00000000        0x0 E:\my projects\smart college\drivers\Debug\libdrivers.a(softuart.o)
 .text.softuart_transmit_busy
                0x00000000        0x0 E:\my projects\smart college\drivers\Debug\libdrivers.a(softuart.o)
 .text.softuart_putchar
                0x00000000        0x0 E:\my projects\smart college\drivers\Debug\libdrivers.a(softuart.o)
 .text.softuart_puts
                0x00000000        0x0 E:\my projects\smart college\drivers\Debug\libdrivers.a(softuart.o)
 .text.softuart_puts_p
                0x00000000        0x0 E:\my projects\smart college\drivers\Debug\libdrivers.a(softuart.o)
 .bss.qout      0x00000000        0x0 E:\my projects\smart college\drivers\Debug\libdrivers.a(softuart.o)
 .text          0x00000000        0x0 e:/winavr-20100110/bin/../lib/gcc/avr/4.3.3/../../../../avr/lib/avr5\libm.a(cmpsf2.o)
 .data          0x00000000        0x0 e:/winavr-20100110/bin/../lib/gcc/avr/4.3.3/../../../../avr/lib/avr5\libm.a(cmpsf2.o)
 .bss           0x00000000        0x0 e:/winavr-20100110/bin/../lib/gcc/avr/4.3.3/../../../../avr/lib/avr5\libm.a(cmpsf2.o)
 .text          0x00000000        0x0 e:/winavr-20100110/bin/../lib/gcc/avr/4.3.3/../../../../avr/lib/avr5\libm.a(fixunssfsi.o)
 .data          0x00000000        0x0 e:/winavr-20100110/bin/../lib/gcc/avr/4.3.3/../../../../avr/lib/avr5\libm.a(fixunssfsi.o)
 .bss           0x00000000        0x0 e:/winavr-20100110/bin/../lib/gcc/avr/4.3.3/../../../../avr/lib/avr5\libm.a(fixunssfsi.o)
 .text          0x00000000        0x0 e:/winavr-20100110/bin/../lib/gcc/avr/4.3.3/../../../../avr/lib/avr5\libm.a(fp_cmp.o)
 .data          0x00000000        0x0 e:/winavr-20100110/bin/../lib/gcc/avr/4.3.3/../../../../avr/lib/avr5\libm.a(fp_cmp.o)
 .bss           0x00000000        0x0 e:/winavr-20100110/bin/../lib/gcc/avr/4.3.3/../../../../avr/lib/avr5\libm.a(fp_cmp.o)
 .text          0x00000000        0x0 e:/winavr-20100110/bin/../lib/gcc/avr/4.3.3/../../../../avr/lib/avr5\libm.a(fp_split3.o)
 .data          0x00000000        0x0 e:/winavr-20100110/bin/../lib/gcc/avr/4.3.3/../../../../avr/lib/avr5\libm.a(fp_split3.o)
 .bss           0x00000000        0x0 e:/winavr-20100110/bin/../lib/gcc/avr/4.3.3/../../../../avr/lib/avr5\libm.a(fp_split3.o)
 .text          0x00000000        0x0 e:/winavr-20100110/bin/../lib/gcc/avr/4.3.3/../../../../avr/lib/avr5\libm.a(fp_zero.o)
 .data          0x00000000        0x0 e:/winavr-20100110/bin/../lib/gcc/avr/4.3.3/../../../../avr/lib/avr5\libm.a(fp_zero.o)
 .bss           0x00000000        0x0 e:/winavr-20100110/bin/../lib/gcc/avr/4.3.3/../../../../avr/lib/avr5\libm.a(fp_zero.o)
 .text          0x00000000        0x0 e:/winavr-20100110/bin/../lib/gcc/avr/4.3.3/../../../../avr/lib/avr5\libm.a(gesf2.o)
 .data          0x00000000        0x0 e:/winavr-20100110/bin/../lib/gcc/avr/4.3.3/../../../../avr/lib/avr5\libm.a(gesf2.o)
 .bss           0x00000000        0x0 e:/winavr-20100110/bin/../lib/gcc/avr/4.3.3/../../../../avr/lib/avr5\libm.a(gesf2.o)
 .text          0x00000000        0x0 e:/winavr-20100110/bin/../lib/gcc/avr/4.3.3/../../../../avr/lib/avr5\libm.a(mulsf3.o)
 .data          0x00000000        0x0 e:/winavr-20100110/bin/../lib/gcc/avr/4.3.3/../../../../avr/lib/avr5\libm.a(mulsf3.o)
 .bss           0x00000000        0x0 e:/winavr-20100110/bin/../lib/gcc/avr/4.3.3/../../../../avr/lib/avr5\libm.a(mulsf3.o)
 .text          0x00000000        0x0 e:/winavr-20100110/bin/../lib/gcc/avr/4.3.3/../../../../avr/lib/avr5\libm.a(mulsf3x.o)
 .data          0x00000000        0x0 e:/winavr-20100110/bin/../lib/gcc/avr/4.3.3/../../../../avr/lib/avr5\libm.a(mulsf3x.o)
 .bss           0x00000000        0x0 e:/winavr-20100110/bin/../lib/gcc/avr/4.3.3/../../../../avr/lib/avr5\libm.a(mulsf3x.o)
 .text          0x00000000        0x0 e:/winavr-20100110/bin/../lib/gcc/avr/4.3.3/../../../../avr/lib/avr5\libm.a(fp_inf.o)
 .data          0x00000000        0x0 e:/winavr-20100110/bin/../lib/gcc/avr/4.3.3/../../../../avr/lib/avr5\libm.a(fp_inf.o)
 .bss           0x00000000        0x0 e:/winavr-20100110/bin/../lib/gcc/avr/4.3.3/../../../../avr/lib/avr5\libm.a(fp_inf.o)
 .text          0x00000000        0x0 e:/winavr-20100110/bin/../lib/gcc/avr/4.3.3/../../../../avr/lib/avr5\libm.a(fp_nan.o)
 .data          0x00000000        0x0 e:/winavr-20100110/bin/../lib/gcc/avr/4.3.3/../../../../avr/lib/avr5\libm.a(fp_nan.o)
 .bss           0x00000000        0x0 e:/winavr-20100110/bin/../lib/gcc/avr/4.3.3/../../../../avr/lib/avr5\libm.a(fp_nan.o)
 .text          0x00000000        0x0 e:/winavr-20100110/bin/../lib/gcc/avr/4.3.3/../../../../avr/lib/avr5\libm.a(fp_pscA.o)
 .data          0x00000000        0x0 e:/winavr-20100110/bin/../lib/gcc/avr/4.3.3/../../../../avr/lib/avr5\libm.a(fp_pscA.o)
 .bss           0x00000000        0x0 e:/winavr-20100110/bin/../lib/gcc/avr/4.3.3/../../../../avr/lib/avr5\libm.a(fp_pscA.o)
 .text          0x00000000        0x0 e:/winavr-20100110/bin/../lib/gcc/avr/4.3.3/../../../../avr/lib/avr5\libm.a(fp_pscB.o)
 .data          0x00000000        0x0 e:/winavr-20100110/bin/../lib/gcc/avr/4.3.3/../../../../avr/lib/avr5\libm.a(fp_pscB.o)
 .bss           0x00000000        0x0 e:/winavr-20100110/bin/../lib/gcc/avr/4.3.3/../../../../avr/lib/avr5\libm.a(fp_pscB.o)
 .text          0x00000000        0x0 e:/winavr-20100110/bin/../lib/gcc/avr/4.3.3/../../../../avr/lib/avr5\libm.a(fp_round.o)
 .data          0x00000000        0x0 e:/winavr-20100110/bin/../lib/gcc/avr/4.3.3/../../../../avr/lib/avr5\libm.a(fp_round.o)
 .bss           0x00000000        0x0 e:/winavr-20100110/bin/../lib/gcc/avr/4.3.3/../../../../avr/lib/avr5\libm.a(fp_round.o)
 .text          0x00000000        0x0 e:/winavr-20100110/bin/../lib/gcc/avr/4.3.3/avr5\libgcc.a(_udivmodsi4.o)
 .data          0x00000000        0x0 e:/winavr-20100110/bin/../lib/gcc/avr/4.3.3/avr5\libgcc.a(_udivmodsi4.o)
 .bss           0x00000000        0x0 e:/winavr-20100110/bin/../lib/gcc/avr/4.3.3/avr5\libgcc.a(_udivmodsi4.o)
 .text          0x00000000        0x0 e:/winavr-20100110/bin/../lib/gcc/avr/4.3.3/avr5\libgcc.a(_exit.o)
 .data          0x00000000        0x0 e:/winavr-20100110/bin/../lib/gcc/avr/4.3.3/avr5\libgcc.a(_exit.o)
 .bss           0x00000000        0x0 e:/winavr-20100110/bin/../lib/gcc/avr/4.3.3/avr5\libgcc.a(_exit.o)
 .text.libgcc   0x00000000        0x0 e:/winavr-20100110/bin/../lib/gcc/avr/4.3.3/avr5\libgcc.a(_exit.o)
 .text          0x00000000        0x0 e:/winavr-20100110/bin/../lib/gcc/avr/4.3.3/avr5\libgcc.a(_copy_data.o)
 .data          0x00000000        0x0 e:/winavr-20100110/bin/../lib/gcc/avr/4.3.3/avr5\libgcc.a(_copy_data.o)
 .bss           0x00000000        0x0 e:/winavr-20100110/bin/../lib/gcc/avr/4.3.3/avr5\libgcc.a(_copy_data.o)
 .text.libgcc   0x00000000        0x0 e:/winavr-20100110/bin/../lib/gcc/avr/4.3.3/avr5\libgcc.a(_copy_data.o)
 .text          0x00000000        0x0 e:/winavr-20100110/bin/../lib/gcc/avr/4.3.3/avr5\libgcc.a(_clear_bss.o)
 .data          0x00000000        0x0 e:/winavr-20100110/bin/../lib/gcc/avr/4.3.3/avr5\libgcc.a(_clear_bss.o)
 .bss           0x00000000        0x0 e:/winavr-20100110/bin/../lib/gcc/avr/4.3.3/avr5\libgcc.a(_clear_bss.o)
 .text.libgcc   0x00000000        0x0 e:/winavr-20100110/bin/../lib/gcc/avr/4.3.3/avr5\libgcc.a(_clear_bss.o)
 .text          0x00000000        0x0 e:/winavr-20100110/bin/../lib/gcc/avr/4.3.3/../../../../avr/lib/avr5\libc.a(memcpy.o)
 .data          0x00000000        0x0 e:/winavr-20100110/bin/../lib/gcc/avr/4.3.3/../../../../avr/lib/avr5\libc.a(memcpy.o)
 .bss           0x00000000        0x0 e:/winavr-20100110/bin/../lib/gcc/avr/4.3.3/../../../../avr/lib/avr5\libc.a(memcpy.o)
 .text.avr-libc
                0x00000000        0x0 e:/winavr-20100110/bin/../lib/gcc/avr/4.3.3/../../../../avr/lib/avr5\libc.a(memcpy.o)
 .text          0x00000000        0x0 e:/winavr-20100110/bin/../lib/gcc/avr/4.3.3/../../../../avr/lib/avr5\libc.a(memset.o)
 .data          0x00000000        0x0 e:/winavr-20100110/bin/../lib/gcc/avr/4.3.3/../../../../avr/lib/avr5\libc.a(memset.o)
 .bss           0x00000000        0x0 e:/winavr-20100110/bin/../lib/gcc/avr/4.3.3/../../../../avr/lib/avr5\libc.a(memset.o)
 .text.avr-libc
                0x00000000        0x0 e:/winavr-20100110/bin/../lib/gcc/avr/4.3.3/../../../../avr/lib/avr5\libc.a(memset.o)
 .text          0x00000000        0x0 e:/winavr-20100110/bin/../lib/gcc/avr/4.3.3/../../../../avr/lib/avr5\libc.a(strcmp.o)
 .data          0x00000000        0x0 e:/winavr-20100110/bin/../lib/gcc/avr/4.3.3/../../../../avr/lib/avr5\libc.a(strcmp.o)
 .bss           0x00000000        0x0 e:/winavr-20100110/bin/../lib/gcc/avr/4.3.3/../../../../avr/lib/avr5\libc.a(strcmp.o)
 .text          0x00000000        0x0 e:/winavr-20100110/bin/../lib/gcc/avr/4.3.3/../../../../avr/lib/avr5\libc.a(strlen.o)
 .data          0x00000000        0x0 e:/winavr-20100110/bin/../lib/gcc/avr/4.3.3/../../../../avr/lib/avr5\libc.a(strlen.o)
 .bss           0x00000000        0x0 e:/winavr-20100110/bin/../lib/gcc/avr/4.3.3/../../../../avr/lib/avr5\libc.a(strlen.o)
 .text.avr-libc
                0x00000000        0x0 e:/winavr-20100110/bin/../lib/gcc/avr/4.3.3/../../../../avr/lib/avr5\libc.a(strlen.o)
 .text          0x00000000        0x0 e:/winavr-20100110/bin/../lib/gcc/avr/4.3.3/../../../../avr/lib/avr5\libc.a(strstr.o)
 .data          0x00000000        0x0 e:/winavr-20100110/bin/../lib/gcc/avr/4.3.3/../../../../avr/lib/avr5\libc.a(strstr.o)
 .bss           0x00000000        0x0 e:/winavr-20100110/bin/../lib/gcc/avr/4.3.3/../../../../avr/lib/avr5\libc.a(strstr.o)
 .text.avr-libc
                0x00000000        0x0 e:/winavr-20100110/bin/../lib/gcc/avr/4.3.3/../../../../avr/lib/avr5\libc.a(strstr.o)
 .text          0x00000000        0x0 e:/winavr-20100110/bin/../lib/gcc/avr/4.3.3/../../../../avr/lib/avr5\libc.a(sprintf.o)
 .data          0x00000000        0x0 e:/winavr-20100110/bin/../lib/gcc/avr/4.3.3/../../../../avr/lib/avr5\libc.a(sprintf.o)
 .bss           0x00000000        0x0 e:/winavr-20100110/bin/../lib/gcc/avr/4.3.3/../../../../avr/lib/avr5\libc.a(sprintf.o)
 .text          0x00000000        0x0 e:/winavr-20100110/bin/../lib/gcc/avr/4.3.3/../../../../avr/lib/avr5\libc.a(vfprintf_std.o)
 .data          0x00000000        0x0 e:/winavr-20100110/bin/../lib/gcc/avr/4.3.3/../../../../avr/lib/avr5\libc.a(vfprintf_std.o)
 .bss           0x00000000        0x0 e:/winavr-20100110/bin/../lib/gcc/avr/4.3.3/../../../../avr/lib/avr5\libc.a(vfprintf_std.o)
 .text          0x00000000        0x0 e:/winavr-20100110/bin/../lib/gcc/avr/4.3.3/../../../../avr/lib/avr5\libc.a(strnlen_P.o)
 .data          0x00000000        0x0 e:/winavr-20100110/bin/../lib/gcc/avr/4.3.3/../../../../avr/lib/avr5\libc.a(strnlen_P.o)
 .bss           0x00000000        0x0 e:/winavr-20100110/bin/../lib/gcc/avr/4.3.3/../../../../avr/lib/avr5\libc.a(strnlen_P.o)
 .text          0x00000000        0x0 e:/winavr-20100110/bin/../lib/gcc/avr/4.3.3/../../../../avr/lib/avr5\libc.a(strnlen.o)
 .data          0x00000000        0x0 e:/winavr-20100110/bin/../lib/gcc/avr/4.3.3/../../../../avr/lib/avr5\libc.a(strnlen.o)
 .bss           0x00000000        0x0 e:/winavr-20100110/bin/../lib/gcc/avr/4.3.3/../../../../avr/lib/avr5\libc.a(strnlen.o)
 .text          0x00000000        0x0 e:/winavr-20100110/bin/../lib/gcc/avr/4.3.3/../../../../avr/lib/avr5\libc.a(fputc.o)
 .data          0x00000000        0x0 e:/winavr-20100110/bin/../lib/gcc/avr/4.3.3/../../../../avr/lib/avr5\libc.a(fputc.o)
 .bss           0x00000000        0x0 e:/winavr-20100110/bin/../lib/gcc/avr/4.3.3/../../../../avr/lib/avr5\libc.a(fputc.o)
 .text          0x00000000        0x0 e:/winavr-20100110/bin/../lib/gcc/avr/4.3.3/../../../../avr/lib/avr5\libc.a(ultoa_invert.o)
 .data          0x00000000        0x0 e:/winavr-20100110/bin/../lib/gcc/avr/4.3.3/../../../../avr/lib/avr5\libc.a(ultoa_invert.o)
 .bss           0x00000000        0x0 e:/winavr-20100110/bin/../lib/gcc/avr/4.3.3/../../../../avr/lib/avr5\libc.a(ultoa_invert.o)
 .text          0x00000000        0x0 e:/winavr-20100110/bin/../lib/gcc/avr/4.3.3/avr5\libgcc.a(_prologue.o)
 .data          0x00000000        0x0 e:/winavr-20100110/bin/../lib/gcc/avr/4.3.3/avr5\libgcc.a(_prologue.o)
 .bss           0x00000000        0x0 e:/winavr-20100110/bin/../lib/gcc/avr/4.3.3/avr5\libgcc.a(_prologue.o)
 .text          0x00000000        0x0 e:/winavr-20100110/bin/../lib/gcc/avr/4.3.3/avr5\libgcc.a(_epilogue.o)
 .data          0x00000000        0x0 e:/winavr-20100110/bin/../lib/gcc/avr/4.3.3/avr5\libgcc.a(_epilogue.o)
 .bss           0x00000000        0x0 e:/winavr-20100110/bin/../lib/gcc/avr/4.3.3/avr5\libgcc.a(_epilogue.o)

Memory Configuration

Name             Origin             Length             Attributes
text             0x00000000         0x00020000         xr
data             0x00800060         0x0000ffa0         rw !x
eeprom           0x00810000         0x00010000         rw !x
fuse             0x00820000         0x00000400         rw !x
lock             0x00830000         0x00000400         rw !x
signature        0x00840000         0x00000400         rw !x
*default*        0x00000000         0xffffffff

Linker script and memory map

Address of section .data set to 0x800100
LOAD e:/winavr-20100110/bin/../lib/gcc/avr/4.3.3/../../../../avr/lib/avr5/crtm328p.o
LOAD drivers-tests.o
START GROUP
LOAD e:/winavr-20100110/bin/../lib/gcc/avr/4.3.3/../../../../avr/lib/avr5\libm.a
LOAD E:\my projects\smart college\drivers\Debug\libdrivers.a
END GROUP
LOAD e:/winavr-20100110/bin/../lib/gcc/avr/4.3.3/avr5\libgcc.a
LOAD e:/winavr-20100110/bin/../lib/gcc/avr/4.3.3/../../../../avr/lib/avr5\libc.a
LOAD e:/winavr-20100110/bin/../lib/gcc/avr/4.3.3/avr5\libgcc.a

.hash
 *(.hash)

.dynsym
 *(.dynsym)

.dynstr
 *(.dynstr)

.gnu.version
 *(.gnu.version)

.gnu.version_d
 *(.gnu.version_d)

.gnu.version_r
 *(.gnu.version_r)

.rel.init
 *(.rel.init)

.rela.init
 *(.rela.init)

.rel.text
 *(.rel.text)
 *(.rel.text.*)
 *(.rel.gnu.linkonce.t*)

.rela.text
 *(.rela.text)
 *(.rela.text.*)
 *(.rela.gnu.linkonce.t*)

.rel.fini
 *(.rel.fini)

.rela.fini
 *(.rela.fini)

.rel.rodata
 *(.rel.rodata)
 *(.rel.rodata.*)
 *(.rel.gnu.linkonce.r*)

.rela.rodata
 *(.rela.rodata)
 *(.rela.rodata.*)
 *(.rela.gnu.linkonce.r*)

.rel.data
 *(.rel.data)
 *(.rel.data.*)
 *(.rel.gnu.linkonce.d*)

.rela.data
 *(.rela.data)
 *(.rela.data.*)
 *(.rela.gnu.linkonce.d*)

.rel.ctors
 *(.rel.ctors)

.rela.ctors
 *(.rela.ctors)

.rel.dtors
 *(.rel.dtors)

.rela.dtors
 *(.rela.dtors)

.rel.got
 *(.rel.got)

.rela.got
 *(.rela.got)

.rel.bss
 *(.rel.bss)

.rela.bss
 *(.rela.bss)

.rel.plt
 *(.rel.plt)

.rela.plt
 *(.rela.plt)

.text           0x00000000     0x18d4
 *(.vectors)
 .vectors       0x00000000       0x68 e:/winavr-20100110/bin/../lib/gcc/avr/4.3.3/../../../../avr/lib/avr5/crtm328p.o
                0x00000000                __vectors
                0x00000000                __vector_default
 *(.vectors)
 *(.progmem.gcc*)
 *(.progmem*)
                0x00000068                . = ALIGN (0x2)
                0x00000068                __trampolines_start = .
 *(.trampolines)
 .trampolines   0x00000068        0x0 linker stubs
 *(.trampolines*)
                0x00000068                __trampolines_end = .
 *(.jumptables)
 *(.jumptables*)
 *(.lowtext)
 *(.lowtext*)
                0x00000068                __ctors_start = .
 *(.ctors)
                0x00000068                __ctors_end = .
                0x00000068                __dtors_start = .
 *(.dtors)
                0x00000068                __dtors_end = .
 SORT(*)(.ctors)
 SORT(*)(.dtors)
 *(.init0)
 .init0         0x00000068        0x0 e:/winavr-20100110/bin/../lib/gcc/avr/4.3.3/../../../../avr/lib/avr5/crtm328p.o
                0x00000068                __init
 *(.init0)
 *(.init1)
 *(.init1)
 *(.init2)
 .init2         0x00000068        0xc e:/winavr-20100110/bin/../lib/gcc/avr/4.3.3/../../../../avr/lib/avr5/crtm328p.o
 *(.init2)
 *(.init3)
 *(.init3)
 *(.init4)
 .init4         0x00000074       0x16 e:/winavr-20100110/bin/../lib/gcc/avr/4.3.3/avr5\libgcc.a(_copy_data.o)
                0x00000074                __do_copy_data
 .init4         0x0000008a       0x10 e:/winavr-20100110/bin/../lib/gcc/avr/4.3.3/avr5\libgcc.a(_clear_bss.o)
                0x0000008a                __do_clear_bss
 *(.init4)
 *(.init5)
 *(.init5)
 *(.init6)
 *(.init6)
 *(.init7)
 *(.init7)
 *(.init8)
 *(.init8)
 *(.init9)
 .init9         0x0000009a        0x8 e:/winavr-20100110/bin/../lib/gcc/avr/4.3.3/../../../../avr/lib/avr5/crtm328p.o
 *(.init9)
 *(.text)
 .text          0x000000a2        0x4 e:/winavr-20100110/bin/../lib/gcc/avr/4.3.3/../../../../avr/lib/avr5/crtm328p.o
                0x000000a2                __vector_22
                0x000000a2                __vector_1
                0x000000a2                __vector_24
                0x000000a2                __vector_12
                0x000000a2                __bad_interrupt
                0x000000a2                __vector_6
                0x000000a2                __vector_3
                0x000000a2                __vector_23
                0x000000a2                __vector_25
                0x000000a2                __vector_11
                0x000000a2                __vector_13
                0x000000a2                __vector_17
                0x000000a2                __vector_19
                0x000000a2                __vector_7
                0x000000a2                __vector_4
                0x000000a2                __vector_9
                0x000000a2                __vector_2
                0x000000a2                __vector_21
                0x000000a2                __vector_15
                0x000000a2                __vector_8
                0x000000a2                __vector_10
                0x000000a2                __vector_16
                0x000000a2                __vector_20
                0x000000a6                . = ALIGN (0x2)
 *(.text.*)
 .text.__vector_18
                0x000000a6       0x32 drivers-tests.o
                0x000000a6                __vector_18
 .text.main     0x000000d8      0x226 drivers-tests.o
                0x000000d8                main
 .text.initPir  0x000002fe       0x4a E:\my projects\smart college\drivers\Debug\libdrivers.a(pir.o)
                0x000002fe                initPir
 .text.turnLight
                0x00000348       0x16 E:\my projects\smart college\drivers\Debug\libdrivers.a(pir.o)
                0x00000348                turnLight
 .text.__vector_5
                0x0000035e       0x5e E:\my projects\smart college\drivers\Debug\libdrivers.a(pir.o)
                0x0000035e                __vector_5
 .text.initRfid
                0x000003bc      0x182 E:\my projects\smart college\drivers\Debug\libdrivers.a(rfid.o)
                0x000003bc                initRfid
 .text.writeToReg
                0x0000053e       0x4a E:\my projects\smart college\drivers\Debug\libdrivers.a(rfid.o)
                0x0000053e                writeToReg
 .text.readFromReg
                0x00000588       0x50 E:\my projects\smart college\drivers\Debug\libdrivers.a(rfid.o)
                0x00000588                readFromReg
 .text.resetRfid
                0x000005d8       0x16 E:\my projects\smart college\drivers\Debug\libdrivers.a(rfid.o)
                0x000005d8                resetRfid
 .text.getFirmwareVer
                0x000005ee       0x1c E:\my projects\smart college\drivers\Debug\libdrivers.a(rfid.o)
                0x000005ee                getFirmwareVer
 .text.setRegBits
                0x0000060a       0x34 E:\my projects\smart college\drivers\Debug\libdrivers.a(rfid.o)
                0x0000060a                setRegBits
 .text.clearRegBits
                0x0000063e       0x38 E:\my projects\smart college\drivers\Debug\libdrivers.a(rfid.o)
                0x0000063e                clearRegBits
 .text.sendTagCommand
                0x00000676      0x310 E:\my projects\smart college\drivers\Debug\libdrivers.a(rfid.o)
                0x00000676                sendTagCommand
 .text.scanForTag
                0x00000986       0x82 E:\my projects\smart college\drivers\Debug\libdrivers.a(rfid.o)
                0x00000986                scanForTag
 .text.calculateCRC
                0x00000a08       0xd8 E:\my projects\smart college\drivers\Debug\libdrivers.a(rfid.o)
                0x00000a08                calculateCRC
 .text.haltTag  0x00000ae0       0x7c E:\my projects\smart college\drivers\Debug\libdrivers.a(rfid.o)
                0x00000ae0                haltTag
 .text.antiCollision
                0x00000b5c       0xe8 E:\my projects\smart college\drivers\Debug\libdrivers.a(rfid.o)
                0x00000b5c                antiCollision
 .text.dumpSerial
                0x00000c44      0x128 E:\my projects\smart college\drivers\Debug\libdrivers.a(rfid.o)
                0x00000c44                dumpSerial
 .text.initSpiMaster
                0x00000d6c       0x40 E:\my projects\smart college\drivers\Debug\libdrivers.a(spi.o)
                0x00000d6c                initSpiMaster
 .text.tranceiveSpi
                0x00000dac       0x2e E:\my projects\smart college\drivers\Debug\libdrivers.a(spi.o)
                0x00000dac                tranceiveSpi
 .text.initUsart0
                0x00000dda       0xa0 E:\my projects\smart college\drivers\Debug\libdrivers.a(usart0.o)
                0x00000dda                initUsart0
 .text.putcUsart0
                0x00000e7a       0x2e E:\my projects\smart college\drivers\Debug\libdrivers.a(usart0.o)
                0x00000e7a                putcUsart0
 .text.putsUsart0
                0x00000ea8       0x56 E:\my projects\smart college\drivers\Debug\libdrivers.a(usart0.o)
                0x00000ea8                putsUsart0
 .text.__vector_14
                0x00000efe      0x1b4 E:\my projects\smart college\drivers\Debug\libdrivers.a(softuart.o)
                0x00000efe                __vector_14
 .text.avr-libc.fplib
                0x000010b2        0x8 e:/winavr-20100110/bin/../lib/gcc/avr/4.3.3/../../../../avr/lib/avr5\libm.a(cmpsf2.o)
                0x000010b2                __lesf2
                0x000010b2                __nesf2
                0x000010b2                __eqsf2
                0x000010b2                __cmpsf2
                0x000010b2                __ltsf2
 .text.avr-libc.fplib
                0x000010ba       0x58 e:/winavr-20100110/bin/../lib/gcc/avr/4.3.3/../../../../avr/lib/avr5\libm.a(fixunssfsi.o)
                0x000010ba                __fixunssfsi
 .text.avr-libc.fplib
                0x00001112       0x48 e:/winavr-20100110/bin/../lib/gcc/avr/4.3.3/../../../../avr/lib/avr5\libm.a(fp_cmp.o)
                0x00001112                __fp_cmp
 .text.avr-libc.fplib
                0x0000115a       0x44 e:/winavr-20100110/bin/../lib/gcc/avr/4.3.3/../../../../avr/lib/avr5\libm.a(fp_split3.o)
                0x0000115a                __fp_split3
                0x0000116a                __fp_splitA
 .text.avr-libc.fplib
                0x0000119e        0xe e:/winavr-20100110/bin/../lib/gcc/avr/4.3.3/../../../../avr/lib/avr5\libm.a(fp_zero.o)
                0x0000119e                __fp_zero
                0x000011a0                __fp_szero
 .text.avr-libc.fplib
                0x000011ac        0x8 e:/winavr-20100110/bin/../lib/gcc/avr/4.3.3/../../../../avr/lib/avr5\libm.a(gesf2.o)
                0x000011ac                __gtsf2
                0x000011ac                __gesf2
 .text.avr-libc.fplib
                0x000011b4        0x4 e:/winavr-20100110/bin/../lib/gcc/avr/4.3.3/../../../../avr/lib/avr5\libm.a(mulsf3.o)
                0x000011b4                __mulsf3
 .text.avr-libc.fplib
                0x000011b8       0xc2 e:/winavr-20100110/bin/../lib/gcc/avr/4.3.3/../../../../avr/lib/avr5\libm.a(mulsf3x.o)
                0x000011d0                __mulsf3_pse
                0x000011cc                __mulsf3x
 .text.avr-libc.fplib
                0x0000127a        0xc e:/winavr-20100110/bin/../lib/gcc/avr/4.3.3/../../../../avr/lib/avr5\libm.a(fp_inf.o)
                0x0000127a                __fp_inf
 .text.avr-libc.fplib
                0x00001286        0x6 e:/winavr-20100110/bin/../lib/gcc/avr/4.3.3/../../../../avr/lib/avr5\libm.a(fp_nan.o)
                0x00001286                __fp_nan
 .text.avr-libc.fplib
                0x0000128c        0xe e:/winavr-20100110/bin/../lib/gcc/avr/4.3.3/../../../../avr/lib/avr5\libm.a(fp_pscA.o)
                0x0000128c                __fp_pscA
 .text.avr-libc.fplib
                0x0000129a        0xe e:/winavr-20100110/bin/../lib/gcc/avr/4.3.3/../../../../avr/lib/avr5\libm.a(fp_pscB.o)
                0x0000129a                __fp_pscB
 .text.avr-libc.fplib
                0x000012a8       0x22 e:/winavr-20100110/bin/../lib/gcc/avr/4.3.3/../../../../avr/lib/avr5\libm.a(fp_round.o)
                0x000012a8                __fp_round
 .text.libgcc   0x000012ca       0x44 e:/winavr-20100110/bin/../lib/gcc/avr/4.3.3/avr5\libgcc.a(_udivmodsi4.o)
                0x000012ca                __udivmodsi4
 .text.avr-libc
                0x0000130e       0x12 e:/winavr-20100110/bin/../lib/gcc/avr/4.3.3/../../../../avr/lib/avr5\libc.a(strcmp.o)
                0x0000130e                strcmp
 .text.avr-libc
                0x00001320       0x48 e:/winavr-20100110/bin/../lib/gcc/avr/4.3.3/../../../../avr/lib/avr5\libc.a(sprintf.o)
                0x00001320                sprintf
 .text.avr-libc
                0x00001368      0x3ba e:/winavr-20100110/bin/../lib/gcc/avr/4.3.3/../../../../avr/lib/avr5\libc.a(vfprintf_std.o)
                0x00001368                vfprintf
 .text.avr-libc
                0x00001722       0x16 e:/winavr-20100110/bin/../lib/gcc/avr/4.3.3/../../../../avr/lib/avr5\libc.a(strnlen_P.o)
                0x00001722                strnlen_P
 .text.avr-libc
                0x00001738       0x16 e:/winavr-20100110/bin/../lib/gcc/avr/4.3.3/../../../../avr/lib/avr5\libc.a(strnlen.o)
                0x00001738                strnlen
 .text.avr-libc
                0x0000174e       0x58 e:/winavr-20100110/bin/../lib/gcc/avr/4.3.3/../../../../avr/lib/avr5\libc.a(fputc.o)
                0x0000174e                fputc
 .text.avr-libc
                0x000017a6       0xbc e:/winavr-20100110/bin/../lib/gcc/avr/4.3.3/../../../../avr/lib/avr5\libc.a(ultoa_invert.o)
                0x000017a6                __ultoa_invert
 .text.libgcc   0x00001862       0x38 e:/winavr-20100110/bin/../lib/gcc/avr/4.3.3/avr5\libgcc.a(_prologue.o)
                0x00001862                __prologue_saves__
 .text.libgcc   0x0000189a       0x36 e:/winavr-20100110/bin/../lib/gcc/avr/4.3.3/avr5\libgcc.a(_epilogue.o)
                0x0000189a                __epilogue_restores__
                0x000018d0                . = ALIGN (0x2)
 *(.fini9)
 .fini9         0x000018d0        0x0 e:/winavr-20100110/bin/../lib/gcc/avr/4.3.3/avr5\libgcc.a(_exit.o)
                0x000018d0                exit
                0x000018d0                _exit
 *(.fini9)
 *(.fini8)
 *(.fini8)
 *(.fini7)
 *(.fini7)
 *(.fini6)
 *(.fini6)
 *(.fini5)
 *(.fini5)
 *(.fini4)
 *(.fini4)
 *(.fini3)
 *(.fini3)
 *(.fini2)
 *(.fini2)
 *(.fini1)
 *(.fini1)
 *(.fini0)
 .fini0         0x000018d0        0x4 e:/winavr-20100110/bin/../lib/gcc/avr/4.3.3/avr5\libgcc.a(_exit.o)
 *(.fini0)
                0x000018d4                _etext = .

.data           0x00800100       0xdc load address 0x000018d4
                0x00800100                PROVIDE (__data_start, .)
 *(.data)
 .data          0x00800100       0xce drivers-tests.o
 .data          0x008001ce        0x5 E:\my projects\smart college\drivers\Debug\libdrivers.a(pir.o)
 .data          0x008001d3        0x4 E:\my projects\smart college\drivers\Debug\libdrivers.a(rfid.o)
 *(.data*)
 .data.serials  0x008001d7        0x4 drivers-tests.o
                0x008001d7                serials
 .data.serialsCount
                0x008001db        0x1 drivers-tests.o
                0x008001db                serialsCount
 *(.rodata)
 *(.rodata*)
 *(.gnu.linkonce.d*)
                0x008001dc                . = ALIGN (0x2)
                0x008001dc                _edata = .
                0x008001dc                PROVIDE (__data_end, .)

.bss            0x008001dc      0x179
                0x008001dc                PROVIDE (__bss_start, .)
 *(.bss)
 *(.bss*)
 .bss.internal_rx_buffer.1364
                0x008001dc        0x1 E:\my projects\smart college\drivers\Debug\libdrivers.a(softuart.o)
 .bss.bits_left_in_rx.1363
                0x008001dd        0x1 E:\my projects\smart college\drivers\Debug\libdrivers.a(softuart.o)
 .bss.timer_rx_ctr.1362
                0x008001de        0x1 E:\my projects\smart college\drivers\Debug\libdrivers.a(softuart.o)
 .bss.rx_mask.1361
                0x008001df        0x1 E:\my projects\smart college\drivers\Debug\libdrivers.a(softuart.o)
 .bss.flag_rx_waiting_for_stop_bit.1360
                0x008001e0        0x1 E:\my projects\smart college\drivers\Debug\libdrivers.a(softuart.o)
 .bss.inbuf     0x008001e1       0x20 E:\my projects\smart college\drivers\Debug\libdrivers.a(softuart.o)
 .bss.qin       0x00800201        0x1 E:\my projects\smart college\drivers\Debug\libdrivers.a(softuart.o)
 .bss.flag_rx_off
                0x00800202        0x1 E:\my projects\smart college\drivers\Debug\libdrivers.a(softuart.o)
 .bss.flag_rx_ready
                0x00800203        0x1 E:\my projects\smart college\drivers\Debug\libdrivers.a(softuart.o)
 .bss.flag_tx_busy
                0x00800204        0x1 E:\my projects\smart college\drivers\Debug\libdrivers.a(softuart.o)
 .bss.timer_tx_ctr
                0x00800205        0x1 E:\my projects\smart college\drivers\Debug\libdrivers.a(softuart.o)
 .bss.bits_left_in_tx
                0x00800206        0x1 E:\my projects\smart college\drivers\Debug\libdrivers.a(softuart.o)
 .bss.internal_tx_buffer
                0x00800207        0x2 E:\my projects\smart college\drivers\Debug\libdrivers.a(softuart.o)
 *(COMMON)
 COMMON         0x00800209       0xd4 drivers-tests.o
                0x00800209                tmp
                0x0080026d                tmp2
                0x008002d1                tmpSerial
 COMMON         0x008002dd       0x78 E:\my projects\smart college\drivers\Debug\libdrivers.a(wifi.o)
                0x008002dd                wifiBuffer
                0x00800341                wifiErrorStr
                0x00800355                PROVIDE (__bss_end, .)
                0x000018d4                __data_load_start = LOADADDR (.data)
                0x000019b0                __data_load_end = (__data_load_start + SIZEOF (.data))

.noinit         0x00800355        0x0
                0x00800355                PROVIDE (__noinit_start, .)
 *(.noinit*)
                0x00800355                PROVIDE (__noinit_end, .)
                0x00800355                _end = .
                0x00800355                PROVIDE (__heap_start, .)

.eeprom         0x00810000        0x0
 *(.eeprom*)
                0x00810000                __eeprom_end = .

.fuse
 *(.fuse)
 *(.lfuse)
 *(.hfuse)
 *(.efuse)

.lock
 *(.lock*)

.signature
 *(.signature*)

.stab
 *(.stab)

.stabstr
 *(.stabstr)

.stab.excl
 *(.stab.excl)

.stab.exclstr
 *(.stab.exclstr)

.stab.index
 *(.stab.index)

.stab.indexstr
 *(.stab.indexstr)

.comment
 *(.comment)

.debug
 *(.debug)

.line
 *(.line)

.debug_srcinfo
 *(.debug_srcinfo)

.debug_sfnames
 *(.debug_sfnames)

.debug_aranges  0x00000000       0x28
 *(.debug_aranges)
 .debug_aranges
                0x00000000       0x28 drivers-tests.o

.debug_pubnames
                0x00000000       0x86
 *(.debug_pubnames)
 .debug_pubnames
                0x00000000       0x86 drivers-tests.o

.debug_info     0x00000000      0x3be
 *(.debug_info)
 .debug_info    0x00000000      0x3be drivers-tests.o
 *(.gnu.linkonce.wi.*)

.debug_abbrev   0x00000000      0x1bc
 *(.debug_abbrev)
 .debug_abbrev  0x00000000      0x1bc drivers-tests.o

.debug_line     0x00000000      0x2d9
 *(.debug_line)
 .debug_line    0x00000000      0x2d9 drivers-tests.o

.debug_frame    0x00000000       0x30
 *(.debug_frame)
 .debug_frame   0x00000000       0x30 drivers-tests.o

.debug_str      0x00000000      0x176
 *(.debug_str)
 .debug_str     0x00000000      0x176 drivers-tests.o
                                0x1af (size before relaxing)

.debug_loc      0x00000000      0x127
 *(.debug_loc)
 .debug_loc     0x00000000      0x127 drivers-tests.o

.debug_macinfo
 *(.debug_macinfo)
OUTPUT(drivers-tests.elf elf32-avr)
LOAD linker stubs

.debug_ranges   0x00000000       0x80
 .debug_ranges  0x00000000       0x80 drivers-tests.o
